flutter : [!] No Android 
SDK found. Try setting the 
ANDROID_HOME environment 
variable.
At line:1 char:1
+ flutter build apk > 
build_output.txt 2>&1
+ ~~~~~~~~~~~~~~~~~~~~~~~~~~
~~~~~~~~~~~~~~~
    + CategoryInfo          
    : NotSpecified: ([!] N  
  o Android ...nment vari   
 able.:String) [], Remot    
eException
    + FullyQualifiedErrorId 
    : NativeCommandError
 
